// Jest Snapshot v1, https://goo.gl/fbAQLP

exports[`should render Header component properly 1`] = `
ShallowWrapper {
  "length": 1,
  Symbol(enzyme.__root__): [Circular],
  Symbol(enzyme.__unrendered__): <Header />,
  Symbol(enzyme.__renderer__): Object {
    "batchedUpdates": [Function],
    "getNode": [Function],
    "render": [Function],
    "simulateEvent": [Function],
    "unmount": [Function],
  },
  Symbol(enzyme.__node__): Object {
    "instance": null,
    "key": undefined,
    "nodeType": "host",
    "props": Object {
      "children": <ul>
        <li>
          <NavLink
            activeClassName="active"
            ariaCurrent="true"
            exact={true}
            to="/"
          >
            Home
          </NavLink>
        </li>
        <li>
          <NavLink
            activeClassName="active"
            ariaCurrent="true"
            to="/projects"
          >
            Projects
          </NavLink>
        </li>
        <li>
          <NavLink
            activeClassName="active"
            ariaCurrent="true"
            to="/resume"
          >
            Resume
          </NavLink>
        </li>
        <li>
          <NavLink
            activeClassName="active"
            ariaCurrent="true"
            to="/about"
          >
            About
          </NavLink>
        </li>
      </ul>,
    },
    "ref": null,
    "rendered": Object {
      "instance": null,
      "key": undefined,
      "nodeType": "host",
      "props": Object {
        "children": Array [
          <li>
            <NavLink
              activeClassName="active"
              ariaCurrent="true"
              exact={true}
              to="/"
            >
              Home
            </NavLink>
          </li>,
          <li>
            <NavLink
              activeClassName="active"
              ariaCurrent="true"
              to="/projects"
            >
              Projects
            </NavLink>
          </li>,
          <li>
            <NavLink
              activeClassName="active"
              ariaCurrent="true"
              to="/resume"
            >
              Resume
            </NavLink>
          </li>,
          <li>
            <NavLink
              activeClassName="active"
              ariaCurrent="true"
              to="/about"
            >
              About
            </NavLink>
          </li>,
        ],
      },
      "ref": null,
      "rendered": Array [
        Object {
          "instance": null,
          "key": undefined,
          "nodeType": "host",
          "props": Object {
            "children": <NavLink
              activeClassName="active"
              ariaCurrent="true"
              exact={true}
              to="/"
            >
              Home
            </NavLink>,
          },
          "ref": null,
          "rendered": Object {
            "instance": null,
            "key": undefined,
            "nodeType": "function",
            "props": Object {
              "activeClassName": "active",
              "ariaCurrent": "true",
              "children": "Home",
              "exact": true,
              "to": "/",
            },
            "ref": null,
            "rendered": "Home",
            "type": [Function],
          },
          "type": "li",
        },
        Object {
          "instance": null,
          "key": undefined,
          "nodeType": "host",
          "props": Object {
            "children": <NavLink
              activeClassName="active"
              ariaCurrent="true"
              to="/projects"
            >
              Projects
            </NavLink>,
          },
          "ref": null,
          "rendered": Object {
            "instance": null,
            "key": undefined,
            "nodeType": "function",
            "props": Object {
              "activeClassName": "active",
              "ariaCurrent": "true",
              "children": "Projects",
              "to": "/projects",
            },
            "ref": null,
            "rendered": "Projects",
            "type": [Function],
          },
          "type": "li",
        },
        Object {
          "instance": null,
          "key": undefined,
          "nodeType": "host",
          "props": Object {
            "children": <NavLink
              activeClassName="active"
              ariaCurrent="true"
              to="/resume"
            >
              Resume
            </NavLink>,
          },
          "ref": null,
          "rendered": Object {
            "instance": null,
            "key": undefined,
            "nodeType": "function",
            "props": Object {
              "activeClassName": "active",
              "ariaCurrent": "true",
              "children": "Resume",
              "to": "/resume",
            },
            "ref": null,
            "rendered": "Resume",
            "type": [Function],
          },
          "type": "li",
        },
        Object {
          "instance": null,
          "key": undefined,
          "nodeType": "host",
          "props": Object {
            "children": <NavLink
              activeClassName="active"
              ariaCurrent="true"
              to="/about"
            >
              About
            </NavLink>,
          },
          "ref": null,
          "rendered": Object {
            "instance": null,
            "key": undefined,
            "nodeType": "function",
            "props": Object {
              "activeClassName": "active",
              "ariaCurrent": "true",
              "children": "About",
              "to": "/about",
            },
            "ref": null,
            "rendered": "About",
            "type": [Function],
          },
          "type": "li",
        },
      ],
      "type": "ul",
    },
    "type": "div",
  },
  Symbol(enzyme.__nodes__): Array [
    Object {
      "instance": null,
      "key": undefined,
      "nodeType": "host",
      "props": Object {
        "children": <ul>
          <li>
            <NavLink
              activeClassName="active"
              ariaCurrent="true"
              exact={true}
              to="/"
            >
              Home
            </NavLink>
          </li>
          <li>
            <NavLink
              activeClassName="active"
              ariaCurrent="true"
              to="/projects"
            >
              Projects
            </NavLink>
          </li>
          <li>
            <NavLink
              activeClassName="active"
              ariaCurrent="true"
              to="/resume"
            >
              Resume
            </NavLink>
          </li>
          <li>
            <NavLink
              activeClassName="active"
              ariaCurrent="true"
              to="/about"
            >
              About
            </NavLink>
          </li>
        </ul>,
      },
      "ref": null,
      "rendered": Object {
        "instance": null,
        "key": undefined,
        "nodeType": "host",
        "props": Object {
          "children": Array [
            <li>
              <NavLink
                activeClassName="active"
                ariaCurrent="true"
                exact={true}
                to="/"
              >
                Home
              </NavLink>
            </li>,
            <li>
              <NavLink
                activeClassName="active"
                ariaCurrent="true"
                to="/projects"
              >
                Projects
              </NavLink>
            </li>,
            <li>
              <NavLink
                activeClassName="active"
                ariaCurrent="true"
                to="/resume"
              >
                Resume
              </NavLink>
            </li>,
            <li>
              <NavLink
                activeClassName="active"
                ariaCurrent="true"
                to="/about"
              >
                About
              </NavLink>
            </li>,
          ],
        },
        "ref": null,
        "rendered": Array [
          Object {
            "instance": null,
            "key": undefined,
            "nodeType": "host",
            "props": Object {
              "children": <NavLink
                activeClassName="active"
                ariaCurrent="true"
                exact={true}
                to="/"
              >
                Home
              </NavLink>,
            },
            "ref": null,
            "rendered": Object {
              "instance": null,
              "key": undefined,
              "nodeType": "function",
              "props": Object {
                "activeClassName": "active",
                "ariaCurrent": "true",
                "children": "Home",
                "exact": true,
                "to": "/",
              },
              "ref": null,
              "rendered": "Home",
              "type": [Function],
            },
            "type": "li",
          },
          Object {
            "instance": null,
            "key": undefined,
            "nodeType": "host",
            "props": Object {
              "children": <NavLink
                activeClassName="active"
                ariaCurrent="true"
                to="/projects"
              >
                Projects
              </NavLink>,
            },
            "ref": null,
            "rendered": Object {
              "instance": null,
              "key": undefined,
              "nodeType": "function",
              "props": Object {
                "activeClassName": "active",
                "ariaCurrent": "true",
                "children": "Projects",
                "to": "/projects",
              },
              "ref": null,
              "rendered": "Projects",
              "type": [Function],
            },
            "type": "li",
          },
          Object {
            "instance": null,
            "key": undefined,
            "nodeType": "host",
            "props": Object {
              "children": <NavLink
                activeClassName="active"
                ariaCurrent="true"
                to="/resume"
              >
                Resume
              </NavLink>,
            },
            "ref": null,
            "rendered": Object {
              "instance": null,
              "key": undefined,
              "nodeType": "function",
              "props": Object {
                "activeClassName": "active",
                "ariaCurrent": "true",
                "children": "Resume",
                "to": "/resume",
              },
              "ref": null,
              "rendered": "Resume",
              "type": [Function],
            },
            "type": "li",
          },
          Object {
            "instance": null,
            "key": undefined,
            "nodeType": "host",
            "props": Object {
              "children": <NavLink
                activeClassName="active"
                ariaCurrent="true"
                to="/about"
              >
                About
              </NavLink>,
            },
            "ref": null,
            "rendered": Object {
              "instance": null,
              "key": undefined,
              "nodeType": "function",
              "props": Object {
                "activeClassName": "active",
                "ariaCurrent": "true",
                "children": "About",
                "to": "/about",
              },
              "ref": null,
              "rendered": "About",
              "type": [Function],
            },
            "type": "li",
          },
        ],
        "type": "ul",
      },
      "type": "div",
    },
  ],
  Symbol(enzyme.__options__): Object {
    "adapter": ReactSixteenAdapter {
      "options": Object {
        "enableComponentDidUpdateOnSetState": true,
      },
    },
  },
}
`;
